// Jest Snapshot v1, https://goo.gl/fbAQLP

exports[`<CalculatorDisplay /> should render 1`] = `ShallowWrapper {}`;
